AWS Services Minimal Configuration
-----------------------------------
## Before Proceeding: We'll Be verifying the next tools are installed:
awscliv1, awscliv2, aws-authenticator

Creating & Managing The IAM User
---------------------------------
Step One: we'll Creating a User(Recommended: Non-Root) for lab purpurses only, Named LabAdmin.

Step Two: By Finding & Applying The Role name "arn:aws:iam::aws:policy/AdministratorAccess" To 
your awscli/console Well Grant our User The minimun Prevliges & Roles for the upcoming Tasks:

- Creating an EC2 Instance
- Connecting to our Instances and apply changes via ssh
- Creating an EKS Cluster
- Monitor & Manage our VPC 
- Manage our Storage
- Monitor 3rd Party applications

You could also Apply this Prevliges by running a policy.json file

If You're Using a console: Copy & Past your User.csv details
If Your Using The aws cli: Extract it to a hiddden location
Step Three: We Proceed by configuring our user's identity
StepFour: Run the following command in your terminal followed by your details
$ aws configure 
AWS Access Key ID [****************_nSm]: MY_AWS_Access_Key_ID_NUMBER
AWS Secret Access Key [****************NIr2]: MY_AWS_Secret_Access_Key_MUMBER
Default region name [MY_REGION]:
Default output format [Default_OUTPUT]:

Step Five : verify your IAM user access 
$ aws iam get-account-summary
### you can add ">> my_user_account-summary.json/yaml" to extract into a local file

Deploying an EC2 Instace
### Before Proceeding: We'll Be validating we have the next tools:
kubectle, eksctl

Step One : launch The Free Ties Amazon Linux2
$ aws ec2 run-instances --image-id 'ami-xxxxxxxx' --count 1 --instance-type t2.micro --key-name 'MyKeyPair' --security-group-ids 'sg-903004f8' --subnet-id 'subnet-6e7f829e'

Step Two : Add Tag to your Device:
$ aws ec2 create-tags --resources i-5203422c --tags Key=Name,Value=MyInstance_Name

Step Three : Extract your KeyPair
$ aws ec2 create-key-pair --key-name MyKeyPair --query 'KeyMaterial' --output text > MyKeyPair.pem

Step Four: Use the following command to set the permissions of your private key file so that 
only you can read it
$ chmod 600 my-key-pair.pem

### Now That Our EC2 is up & running we are ready to connect to it via ssh using our key-pair

Step Five : Run The Following Command:
$  ssh -i "my_key_pair.pem" my_ec2-user@my_ec2_instace_id.my_aws_zone.compute.amazonaws.com

### And then run the Following Commands:
$ sudo yum update

In the command line window, check the AWS CLI version:
$ aws --version

Download v2:
$ curl "https://awscli.amazonaws.com/awscli-exe-linux-x86_64.zip" -o "awscliv2.zip"

Unzip the file:
$ unzip awscliv2.zip

See where the current AWS CLI is installed:
$ which aws
/usr/bin/aws

Update it:
$ sudo ./aws/install --bin-dir /usr/bin --install-dir /usr/bin/aws-cli --update
You can now run: /usr/bin/aws --version

$ aws --version
aws-cli/2.2.20 Python/3.8.8 Linux/4.14.232-177.418.amzn2.x86_64 exe/x86_64.amzn.2 prompt/off

Step Six : Configure the CLI
$ aws configure
For AWS Access Key ID, paste in the access key ID you copied earlier.
For AWS Secret Access Key, paste in the secret access key you copied earlier.
For Default region name, enter eu-west-1.
For Default output format, enter json.

Step Seven : Download kubectl
$ curl -o kubectl https://amazon-eks.s3.us-west-2.amazonaws.com/1.16.8/2020-04-16/bin/linux/amd64/kubectl

Apply execute permissions to the binary:
$ chmod +x ./kubectl

Copy the binary to a directory in your path:
$ mkdir -p $HOME/bin && cp ./kubectl $HOME/bin/kubectl && export PATH=$PATH:$HOME/bin

Ensure kubectl is installed:
$ kubectl version --short --client
Client Version: v1.20.4-eks-6b7464

Step Eight : Download eksctl
$ curl --silent --location "https://github.com/weaveworks/eksctl/releases/latest/download/eksctl_$(uname -s)_amd64.tar.gz" | tar xz -C /tmp

Move the extracted binary to /usr/bin:
$ sudo mv /tmp/eksctl /usr/bin

Get the version of eksctl:
$ eksctl version
0.57.0

Provision an EKS Cluster
-------------------------

Using CloudFormation for creating the stack
--------------------------------------------

Step One : Provision an EKS cluster with three worker nodes in eu-west-1
$ eksctl create cluster --name ekscluster --version 1.20 --region eu-west-1 --zones=eu-west-1a,eu-west-1b,eu-west-1c --ssh-access --nodegroup-name standard-workers --node-type t3.micro --nodes 3 --nodes-min 2 --nodes-max 4 --managed
- In the AWS Management Console, navigate to CloudFormation and take a look at what’s going on there

Step Two : By using our Console or Terminal we can view how CloudFormation provision the eks cluster Stack in the background
- Select the ekscluster stack (this is our control plane) Click Events, so you can see all the resources that are being created

In the CLI, check the cluster:
$ eksctl get cluster

Enable it to connect to our cluster:
aws eks update-kubeconfig --name dev --region us-east-1

Using Terraform
----------------
Step One : Apllying Source Directory Terraform Files & Run the Folllowing Commands:
$ terrafom Validate
- Correct your Code in case of syntax errors

Step Two : launch The Cluster From using TerraformCli
$ terrafom init
$ terrafom plan
$ terrafom Apply

Dockerizing Our Appliction 
------------------------------------------------
- Open The "Docker" Directory and clone our app:
$ git clone https://github.com/adamkeinan/weather-api.git

- Initialize it:
$ git Init

- Create an empty file called Dockerfile:
$ touch Dockerfile

- Apply your Dockerfile settings from the "Docker" directory
- Alternatively, We can launch it from the cli:
$ docker build . -t weather-app --build-arg NODE_VERSION=14.7-alpine3.14 \ 
> --build-arg ENV NODE_ENV=production \
> --build-arg WORKDIR weather-app \ 
> --build-arg COPY package.json /weather-app \
> --build-arg COPY=package-lock.json /weather-app \
> --build-arg RUN=npm install \
> --build-arg COPY . /weather-app \
> --build-arg EXPOSE 8081 \
> --build-arg ENV PORT 3005 \
> --build-arg CMD node npm-start

- Your image will now be listed by Docker:
$ docker images

- Run the image
$ docker run -p 3005:8081 -d <your username>/weather-app

- Get container ID
$ docker ps

- Print app output
$ docker logs <container id>

- Now you can call your app using curl:
$ curl -i localhost:3005


Deoloy a Microservice on your EKS Cluster
------------------------------------------
- create a separate namespace for the app:
$ kubectl create namespace robot-shop

- Deploy the app to the cluster:
$ kubectl -n robot-shop create -f ~/robot-shop/K8s/descriptors/

- Check the status of the application's pods:
$ kubectl get pods -n robot-shop

- You should be able to reach the app from your browser using the Kube master node's public IP:
$ http://$kube_master_public_ip:30080

Scale up the MongoDB deployment to two replicas instead of just one
--------------------------------------------------------------------
- Edit the deployment descriptor
$ kubectl edit deployment mongodb -n robot-shop
## You should see some YAML describing the deployment object.
## Under spec:, look for the line that says replicas: 1 and change it to replicas: 2.

- Save and exit.

- Check the status of the deployment with:
$ kubectl get deployment mongodb -n robot-shop
## After a few moments, the number of available replicas should be 2.


Create a Deployment on Your EKS Cluster
----------------------------------------
Step One : Install Git
$ eksctl get cluster
NAME            REGION          EKSCTL CREATED
ekscluster      eu-west-1       True

Step Two : Enable it to connect to our cluster
$ aws eks update-kubeconfig --name dev --region eu-west-1

Step Three: Fork our resource files
https://github.com/culture-trip/weather-api

Step Four : Clone The Newly Forked Git Directory
$ git clone https://github.com/adamkeinan/weather-api.git

Step Five : Deploy Our LoadBalancer
- Take a look at the deployment file:
$ cat /k8s/deployments/nginx-deployment.yaml 

- Take a look at the service file:
$ cat /k8s/services/nginx-svc.yaml

- Create the service
$ kubectl apply -f /k8s/services/nginx-svc.yaml

- Check its status:
$ kubectl get service

- Copy the external IP of the load balancer, and paste it into a text file, as we'll need it in a minute.

- Create the deployment:
$ kubectl apply -f /k8s/deployments/nginx-deployment.yaml

- Check its status:
$ kubectl get deployment

- View the pods:
$ kubectl get pod

- View the ReplicaSets:
$ kubectl get rs

- View the nodes:
$ kubectl get node

Step Six : Access The LoadBalancer
- Access the application using the load balancer, replacing <LOAD_BALANCER_EXTERNAL_IP> with the IP you copied earlier:
$ curl "<LOAD_BALANCER_EXTERNAL_IP>"
## The output should be the HTML for a default Nginx web page

- In a new browser tab, navigate to the same IP, where we should then see the same Nginx web page

Test the High Availability Features of Your EKS Cluster
--------------------------------------------------------
- In the AWS console, on the EC2 instances page, select the three t3.micro instances
- Click Actions > Instance State > Stop.
- In the dialog, click Yes, Stop.
## After a few minutes, we should see EKS launching new instances to keep our service running.

- In the CLI, check the status of our nodes:
$ kubectl get node

- Check the pods:
$ kubectl get pod
## We'll see a few different statuses — Terminating, Running, and Pending — because, as the instances shut down, EKS is trying to restart the pods.

- Check the nodes again:
$ kubectl get node
## We should see a new node, which we can identify by its age

- Wait a few minutes, and then check the nodes again:
$ kubectl get node
## We should have one in a Ready state.

- Check the pods again:
$ kubectl get pod
## We should see a couple pods are now running as well.

- Check the service status:
$ kubectl get service

- Copy the external IP listed in the output.

- Access the application using the load balancer, replacing <LOAD_BALANCER_EXTERNAL_IP> with the IP you just copied:
$ curl "<LOAD_BALANCER_EXTERNAL_IP>"
## We should see the Nginx web page HTML again. (If you don't, wait a few more minutes.)

- In a new browser tab, navigate to the same IP, where we should again see the Nginx web page

- In the CLI, delete everything:
$ eksctl delete cluster EKS_CLUSTER_NAME

## Conclusion
-----------
We were able to successfully completing this hands-on lab
